// Jest Snapshot v1, https://goo.gl/fbAQLP

exports[`Doc page matches snapshot 1`] = `
<DocumentFragment>
  <h1>
    Test
  </h1>
  

  <p>
    This is a test page.
  </p>
</DocumentFragment>
`;
