// Jest Snapshot v1, https://goo.gl/fbAQLP

exports[`Home page matches snapshot 1`] = `
<DocumentFragment>
  <div
    class="jsx-1799183244 container"
  >
    <main
      class="jsx-1799183244"
    >
      <h1
        class="jsx-1799183244 title"
      >
        Lil Editor
      </h1>
      <p
        class="jsx-1799183244 description"
      >
        Get started
      </p>
      <p
        class="jsx-1799183244"
      />
      <form
        class="jsx-1799183244"
      >
        <label
          class="jsx-1799183244"
        >
          Token: 
          <input
            class="jsx-1799183244"
            name="token"
            type="password"
          />
        </label>
        <input
          class="jsx-1799183244"
          type="submit"
          value="Login"
        />
      </form>
    </main>
    <footer
      class="jsx-1799183244"
    >
      <a
        class="jsx-1799183244"
        href="https://vercel.com?utm_source=create-next-app&utm_medium=default-template&utm_campaign=create-next-app"
        rel="noopener noreferrer"
        target="_blank"
      >
        Powered by 
        <img
          alt="Vercel Logo"
          class="jsx-1799183244 logo"
          src="/vercel.svg"
        />
      </a>
    </footer>
  </div>
</DocumentFragment>
`;
